=== File Integrity Check Started ===
Timestamp: 2025-11-23T09:25:03.474Z
Check Path: P:\\Video\\S\\StarSession\\Julia
Check CRC32: true
Check Existence: true
Total Files in Database: 58
==========================================

OK: P:\Video\S\StarSession\Julia
OK: P:\Video\S\StarSession\Julia\Julia - 15.mp4
✅ CRC OK: P:\Video\S\StarSession\Julia\Julia - 15.mp4 (3dbfce36)
OK: P:\Video\S\StarSession\Julia\Julia-001_H.264.mp4
✅ CRC OK: P:\Video\S\StarSession\Julia\Julia-001_H.264.mp4 (e05b58c7)
OK: P:\Video\S\StarSession\Julia\Julia-002.mp4
✅ CRC OK: P:\Video\S\StarSession\Julia\Julia-002.mp4 (91f7e770)
OK: P:\Video\S\StarSession\Julia\Julia-003_H.264.mp4
✅ CRC OK: P:\Video\S\StarSession\Julia\Julia-003_H.264.mp4 (f7674107)
OK: P:\Video\S\StarSession\Julia\Julia-004 .mp4
✅ CRC OK: P:\Video\S\StarSession\Julia\Julia-004 .mp4 (22dd38a3)
OK: P:\Video\S\StarSession\Julia\Julia-005.mp4
✅ CRC OK: P:\Video\S\StarSession\Julia\Julia-005.mp4 (3c023325)
OK: P:\Video\S\StarSession\Julia\Julia-006_H.264.mp4
✅ CRC OK: P:\Video\S\StarSession\Julia\Julia-006_H.264.mp4 (78077b55)
OK: P:\Video\S\StarSession\Julia\Julia-007.mp4
✅ CRC OK: P:\Video\S\StarSession\Julia\Julia-007.mp4 (3a10456e)
OK: P:\Video\S\StarSession\Julia\Julia-008 .mp4
✅ CRC OK: P:\Video\S\StarSession\Julia\Julia-008 .mp4 (0fe52254)
OK: P:\Video\S\StarSession\Julia\Julia-009 .mp4
✅ CRC OK: P:\Video\S\StarSession\Julia\Julia-009 .mp4 (83a941f7)
OK: P:\Video\S\StarSession\Julia\Julia-010 .mp4
✅ CRC OK: P:\Video\S\StarSession\Julia\Julia-010 .mp4 (3481d75e)
OK: P:\Video\S\StarSession\Julia\Julia-011 .mp4
✅ CRC OK: P:\Video\S\StarSession\Julia\Julia-011 .mp4 (95ac08f4)
OK: P:\Video\S\StarSession\Julia\Julia-012 .mp4
✅ CRC OK: P:\Video\S\StarSession\Julia\Julia-012 .mp4 (4ae5b779)
OK: P:\Video\S\StarSession\Julia\Julia-013_H.264.mp4
✅ CRC OK: P:\Video\S\StarSession\Julia\Julia-013_H.264.mp4 (f6d47b9f)
OK: P:\Video\S\StarSession\Julia\Julia-014 .mp4
✅ CRC OK: P:\Video\S\StarSession\Julia\Julia-014 .mp4 (00ab4986)
OK: P:\Video\S\StarSession\Julia\Julia-016 .mp4
✅ CRC OK: P:\Video\S\StarSession\Julia\Julia-016 .mp4 (9a8d2e9c)
OK: P:\Video\S\StarSession\Julia\Julia-017.avi
✅ CRC OK: P:\Video\S\StarSession\Julia\Julia-017.avi (c332f5a0)
OK: P:\Video\S\StarSession\Julia\Julia-018p .mp4
✅ CRC OK: P:\Video\S\StarSession\Julia\Julia-018p .mp4 (de816dbb)
OK: P:\Video\S\StarSession\Julia\Julia-019.4K.mp4
✅ CRC OK: P:\Video\S\StarSession\Julia\Julia-019.4K.mp4 (4f4d6246)
OK: P:\Video\S\StarSession\Julia\Julia-020.4K .mp4
✅ CRC OK: P:\Video\S\StarSession\Julia\Julia-020.4K .mp4 (a6e524c1)
OK: P:\Video\S\StarSession\Julia\Julia-021.mp4
✅ CRC OK: P:\Video\S\StarSession\Julia\Julia-021.mp4 (1c33ce3b)
OK: P:\Video\S\StarSession\Julia\Julia-022.4K .mp4
✅ CRC OK: P:\Video\S\StarSession\Julia\Julia-022.4K .mp4 (21b45e60)
OK: P:\Video\S\StarSession\Julia\Julia-023.4K .mp4
✅ CRC OK: P:\Video\S\StarSession\Julia\Julia-023.4K .mp4 (17287cb3)
OK: P:\Video\S\StarSession\Julia\Julia-024.4K .mp4
✅ CRC OK: P:\Video\S\StarSession\Julia\Julia-024.4K .mp4 (e7ac452b)
OK: P:\Video\S\StarSession\Julia\Julia-025.4K .mp4
✅ CRC OK: P:\Video\S\StarSession\Julia\Julia-025.4K .mp4 (a0e250f9)
OK: P:\Video\S\StarSession\Julia\Julia-026p.4K.mp4
✅ CRC OK: P:\Video\S\StarSession\Julia\Julia-026p.4K.mp4 (15dfb062)
OK: P:\Video\S\StarSession\Julia\Julia-027.4K .mp4
✅ CRC OK: P:\Video\S\StarSession\Julia\Julia-027.4K .mp4 (97825265)
OK: P:\Video\S\StarSession\Julia\Julia-028.4K .mp4
✅ CRC OK: P:\Video\S\StarSession\Julia\Julia-028.4K .mp4 (eab4a096)
OK: P:\Video\S\StarSession\Julia\Julia-029p.4K.mp4
✅ CRC OK: P:\Video\S\StarSession\Julia\Julia-029p.4K.mp4 (bce0e5c9)
OK: P:\Video\S\StarSession\Julia\Julia-030p.4K.mp4
✅ CRC OK: P:\Video\S\StarSession\Julia\Julia-030p.4K.mp4 (cb084a53)
OK: P:\Video\S\StarSession\Julia\Julia-031.4K.mp4
✅ CRC OK: P:\Video\S\StarSession\Julia\Julia-031.4K.mp4 (615b49be)
OK: P:\Video\S\StarSession\Julia\Julia-032.4K.mp4
✅ CRC OK: P:\Video\S\StarSession\Julia\Julia-032.4K.mp4 (95e11ebd)
OK: P:\Video\S\StarSession\Julia\Julia-033.4K.mp4
✅ CRC OK: P:\Video\S\StarSession\Julia\Julia-033.4K.mp4 (c60218a5)
OK: P:\Video\S\StarSession\Julia\Julia-034.4K .mp4
✅ CRC OK: P:\Video\S\StarSession\Julia\Julia-034.4K .mp4 (dd4c100e)
OK: P:\Video\S\StarSession\Julia\Julia-035-random_H.265.mp4
✅ CRC OK: P:\Video\S\StarSession\Julia\Julia-035-random_H.265.mp4 (67102cca)
OK: P:\Video\S\StarSession\Julia\Julia-036-bratdva_H.265.mp4
✅ CRC OK: P:\Video\S\StarSession\Julia\Julia-036-bratdva_H.265.mp4 (5bb74c58)
OK: P:\Video\S\StarSession\Julia\Julia-037-random_H.265.mp4
✅ CRC OK: P:\Video\S\StarSession\Julia\Julia-037-random_H.265.mp4 (3fa36e79)
OK: P:\Video\S\StarSession\Julia\Julia-038-random_H.265.mp4
✅ CRC OK: P:\Video\S\StarSession\Julia\Julia-038-random_H.265.mp4 (1614005e)
OK: P:\Video\S\StarSession\Julia\Julia-039-random_H.265.mp4
✅ CRC OK: P:\Video\S\StarSession\Julia\Julia-039-random_H.265.mp4 (ead1beaa)
OK: P:\Video\S\StarSession\Julia\Julia-teensite-001-random_H.264.mp4
✅ CRC OK: P:\Video\S\StarSession\Julia\Julia-teensite-001-random_H.264.mp4 (f90607c6)
OK: P:\Video\S\StarSession\Julia\JuliaSS-017-rich787.4K_H.265.mp4
✅ CRC OK: P:\Video\S\StarSession\Julia\JuliaSS-017-rich787.4K_H.265.mp4 (0cb55a45)
OK: P:\Video\S\StarSession\Julia\Secret Stars
OK: P:\Video\S\StarSession\Julia\Secret Stars\JuliaSS-001.mp4
✅ CRC OK: P:\Video\S\StarSession\Julia\Secret Stars\JuliaSS-001.mp4 (0d7359d9)
OK: P:\Video\S\StarSession\Julia\Secret Stars\JuliaSS-002.mp4
✅ CRC OK: P:\Video\S\StarSession\Julia\Secret Stars\JuliaSS-002.mp4 (20ab394b)
OK: P:\Video\S\StarSession\Julia\Secret Stars\JuliaSS-003.mp4
✅ CRC OK: P:\Video\S\StarSession\Julia\Secret Stars\JuliaSS-003.mp4 (173b4451)
OK: P:\Video\S\StarSession\Julia\Secret Stars\JuliaSS-005.mp4
✅ CRC OK: P:\Video\S\StarSession\Julia\Secret Stars\JuliaSS-005.mp4 (07c89e9e)
OK: P:\Video\S\StarSession\Julia\Secret Stars\JuliaSS-006_H.264.mp4
✅ CRC OK: P:\Video\S\StarSession\Julia\Secret Stars\JuliaSS-006_H.264.mp4 (161badcc)
OK: P:\Video\S\StarSession\Julia\Secret Stars\JuliaSS-007.mp4
✅ CRC OK: P:\Video\S\StarSession\Julia\Secret Stars\JuliaSS-007.mp4 (393b3fb4)
OK: P:\Video\S\StarSession\Julia\Secret Stars\JuliaSS-008.mp4
✅ CRC OK: P:\Video\S\StarSession\Julia\Secret Stars\JuliaSS-008.mp4 (42796a26)
OK: P:\Video\S\StarSession\Julia\Secret Stars\JuliaSS-009.mp4
✅ CRC OK: P:\Video\S\StarSession\Julia\Secret Stars\JuliaSS-009.mp4 (90f9bcbd)
OK: P:\Video\S\StarSession\Julia\Secret Stars\JuliaSS-010_H.264.mp4
✅ CRC OK: P:\Video\S\StarSession\Julia\Secret Stars\JuliaSS-010_H.264.mp4 (9909c157)
OK: P:\Video\S\StarSession\Julia\Secret Stars\JuliaSS-011.mp4
✅ CRC OK: P:\Video\S\StarSession\Julia\Secret Stars\JuliaSS-011.mp4 (bd5edc11)
OK: P:\Video\S\StarSession\Julia\Secret Stars\JuliaSS-012.mp4
✅ CRC OK: P:\Video\S\StarSession\Julia\Secret Stars\JuliaSS-012.mp4 (bbc26ef3)
OK: P:\Video\S\StarSession\Julia\Secret Stars\JuliaSS-013.mp4
✅ CRC OK: P:\Video\S\StarSession\Julia\Secret Stars\JuliaSS-013.mp4 (4ea9a905)
OK: P:\Video\S\StarSession\Julia\Secret Stars\JuliaSS-014.mp4
✅ CRC OK: P:\Video\S\StarSession\Julia\Secret Stars\JuliaSS-014.mp4 (2077616b)
OK: P:\Video\S\StarSession\Julia\Secret Stars\JuliaSS-015.mp4
✅ CRC OK: P:\Video\S\StarSession\Julia\Secret Stars\JuliaSS-015.mp4 (960ac10e)
OK: P:\Video\S\StarSession\Julia\Secret Stars\JuliaSS-016 (Blue Mesh).mp4
✅ CRC OK: P:\Video\S\StarSession\Julia\Secret Stars\JuliaSS-016 (Blue Mesh).mp4 (ff791970)

=== Integrity Check Summary ===
Files Checked: 58
Missing Files: 0
CRC Mismatches: 0
Renamed Files: 0
Completed: 2025-11-23T09:25:04.046Z
================================