=== File Integrity Check Started ===
Timestamp: 2025-11-23T09:25:16.782Z
Check Path: P:\\Video\\S
Check CRC32: true
Check Existence: true
Total Files in Database: 129
==========================================

OK: P:\Video\S
OK: P:\Video\S\Sandra Teenmodel
OK: P:\Video\S\Sandra Teenmodel\Sandra Model - At The Lake.avi
✅ CRC OK: P:\Video\S\Sandra Teenmodel\Sandra Model - At The Lake.avi (77d7dbbb)
OK: P:\Video\S\Sandra Teenmodel\Sandra Model - Climbing & Playing On A Hill.avi
✅ CRC OK: P:\Video\S\Sandra Teenmodel\Sandra Model - Climbing & Playing On A Hill.avi (e6e6e443)
OK: P:\Video\S\Sandra Teenmodel\Sandra Model - Free Video #01.avi
✅ CRC OK: P:\Video\S\Sandra Teenmodel\Sandra Model - Free Video #01.avi (ff45c98a)
OK: P:\Video\S\Sandra Teenmodel\Sandra Model - In Nature.avi
✅ CRC OK: P:\Video\S\Sandra Teenmodel\Sandra Model - In Nature.avi (db43574a)
OK: P:\Video\S\Sandra Teenmodel\Sandra Model - Playing In The Sand.avi
✅ CRC OK: P:\Video\S\Sandra Teenmodel\Sandra Model - Playing In The Sand.avi (f1cf4d70)
OK: P:\Video\S\Sandra Teenmodel\Sandra Model - Red Outfit.avi
✅ CRC OK: P:\Video\S\Sandra Teenmodel\Sandra Model - Red Outfit.avi (fe2572fd)
OK: P:\Video\S\Sandra Teenmodel\Sandra Model - Red Stockings.avi
✅ CRC OK: P:\Video\S\Sandra Teenmodel\Sandra Model - Red Stockings.avi (8b33dba1)
OK: P:\Video\S\Sandra Teenmodel\Sandra Model - Waterfalls.avi
✅ CRC OK: P:\Video\S\Sandra Teenmodel\Sandra Model - Waterfalls.avi (a8665ed0)
OK: P:\Video\S\Sandra Teenmodel\Sandra Model - Waterpark.avi
✅ CRC OK: P:\Video\S\Sandra Teenmodel\Sandra Model - Waterpark.avi (3d5475c2)
OK: P:\Video\S\Sandra Teenmodel\Sandra Teen Model Asleep Pantyless.avi
✅ CRC OK: P:\Video\S\Sandra Teenmodel\Sandra Teen Model Asleep Pantyless.avi (17a37a3a)
OK: P:\Video\S\Sandra Teenmodel\Sandra Teen Model White Shorts.avi
✅ CRC OK: P:\Video\S\Sandra Teenmodel\Sandra Teen Model White Shorts.avi (e84d7093)
OK: P:\Video\S\Sandra Teenmodel\Sandra.avi
✅ CRC OK: P:\Video\S\Sandra Teenmodel\Sandra.avi (c4986e8c)
OK: P:\Video\S\Schoolmodels
OK: P:\Video\S\Select Sets Studio Sequel
OK: P:\Video\S\Shadowkittens.info
OK: P:\Video\S\Showstars
OK: P:\Video\S\Showstars\Advanced Unpacker.ps1
✅ CRC OK: P:\Video\S\Showstars\Advanced Unpacker.ps1 (2d94b5c2)
OK: P:\Video\S\Showstars\Archive Remover.ps1
✅ CRC OK: P:\Video\S\Showstars\Archive Remover.ps1 (fb40aac0)
OK: P:\Video\S\Sierra Model
OK: P:\Video\S\Sierra Model\Bodypaint.avi
✅ CRC OK: P:\Video\S\Sierra Model\Bodypaint.avi (4b2ae693)
OK: P:\Video\S\Sierra Model\Chairpinkbikini.avi
✅ CRC OK: P:\Video\S\Sierra Model\Chairpinkbikini.avi (3e7a58ca)
OK: P:\Video\S\Sierra Model\Daysgoby.wmv
✅ CRC OK: P:\Video\S\Sierra Model\Daysgoby.wmv (d58db1c8)
OK: P:\Video\S\Sierra Model\Pinkoutfit_Xvid.avi
✅ CRC OK: P:\Video\S\Sierra Model\Pinkoutfit_Xvid.avi (49674ce6)
OK: P:\Video\S\Sierra Model\Pjs And Play Doh.avi
✅ CRC OK: P:\Video\S\Sierra Model\Pjs And Play Doh.avi (80d1e93f)
OK: P:\Video\S\Sierra Model\Playing In The Snow.avi
✅ CRC OK: P:\Video\S\Sierra Model\Playing In The Snow.avi (dcd171fd)
OK: P:\Video\S\Sierra Model\Runway Model Wannabe.avi
✅ CRC OK: P:\Video\S\Sierra Model\Runway Model Wannabe.avi (3412d880)
OK: P:\Video\S\Sierra Model\Shopping.avi
✅ CRC OK: P:\Video\S\Sierra Model\Shopping.avi (d80f7988)
OK: P:\Video\S\Sierra Model\Sierra.avi
✅ CRC OK: P:\Video\S\Sierra Model\Sierra.avi (b5e25e5c)
OK: P:\Video\S\Skye Model
OK: P:\Video\S\Skye Model\Skye  Model - 2nd Video.avi
✅ CRC OK: P:\Video\S\Skye Model\Skye  Model - 2nd Video.avi (d54e7eda)
OK: P:\Video\S\Skye Model\Skye Model - Beach.avi
✅ CRC OK: P:\Video\S\Skye Model\Skye Model - Beach.avi (6ab86982)
OK: P:\Video\S\Skye Model\Skye Model - Topless.wmv
✅ CRC OK: P:\Video\S\Skye Model\Skye Model - Topless.wmv (f2f38192)
OK: P:\Video\S\StarSession
OK: P:\Video\S\StarSession\Julia
OK: P:\Video\S\StarSession\Julia\Julia - 15.mp4
✅ CRC OK: P:\Video\S\StarSession\Julia\Julia - 15.mp4 (3dbfce36)
OK: P:\Video\S\StarSession\Julia\Julia-001_H.264.mp4
✅ CRC OK: P:\Video\S\StarSession\Julia\Julia-001_H.264.mp4 (e05b58c7)
OK: P:\Video\S\StarSession\Julia\Julia-002.mp4
✅ CRC OK: P:\Video\S\StarSession\Julia\Julia-002.mp4 (91f7e770)
OK: P:\Video\S\StarSession\Julia\Julia-003_H.264.mp4
✅ CRC OK: P:\Video\S\StarSession\Julia\Julia-003_H.264.mp4 (f7674107)
OK: P:\Video\S\StarSession\Julia\Julia-004 .mp4
✅ CRC OK: P:\Video\S\StarSession\Julia\Julia-004 .mp4 (22dd38a3)
OK: P:\Video\S\StarSession\Julia\Julia-005.mp4
✅ CRC OK: P:\Video\S\StarSession\Julia\Julia-005.mp4 (3c023325)
OK: P:\Video\S\StarSession\Julia\Julia-006_H.264.mp4
✅ CRC OK: P:\Video\S\StarSession\Julia\Julia-006_H.264.mp4 (78077b55)
OK: P:\Video\S\StarSession\Julia\Julia-007.mp4
✅ CRC OK: P:\Video\S\StarSession\Julia\Julia-007.mp4 (3a10456e)
OK: P:\Video\S\StarSession\Julia\Julia-008 .mp4
✅ CRC OK: P:\Video\S\StarSession\Julia\Julia-008 .mp4 (0fe52254)
OK: P:\Video\S\StarSession\Julia\Julia-009 .mp4
✅ CRC OK: P:\Video\S\StarSession\Julia\Julia-009 .mp4 (83a941f7)
OK: P:\Video\S\StarSession\Julia\Julia-010 .mp4
✅ CRC OK: P:\Video\S\StarSession\Julia\Julia-010 .mp4 (3481d75e)
OK: P:\Video\S\StarSession\Julia\Julia-011 .mp4
✅ CRC OK: P:\Video\S\StarSession\Julia\Julia-011 .mp4 (95ac08f4)
OK: P:\Video\S\StarSession\Julia\Julia-012 .mp4
✅ CRC OK: P:\Video\S\StarSession\Julia\Julia-012 .mp4 (4ae5b779)
OK: P:\Video\S\StarSession\Julia\Julia-013_H.264.mp4
✅ CRC OK: P:\Video\S\StarSession\Julia\Julia-013_H.264.mp4 (f6d47b9f)
OK: P:\Video\S\StarSession\Julia\Julia-014 .mp4
✅ CRC OK: P:\Video\S\StarSession\Julia\Julia-014 .mp4 (00ab4986)
OK: P:\Video\S\StarSession\Julia\Julia-016 .mp4
✅ CRC OK: P:\Video\S\StarSession\Julia\Julia-016 .mp4 (9a8d2e9c)
OK: P:\Video\S\StarSession\Julia\Julia-017.avi
✅ CRC OK: P:\Video\S\StarSession\Julia\Julia-017.avi (c332f5a0)
OK: P:\Video\S\StarSession\Julia\Julia-018p .mp4
✅ CRC OK: P:\Video\S\StarSession\Julia\Julia-018p .mp4 (de816dbb)
OK: P:\Video\S\StarSession\Julia\Julia-019.4K.mp4
✅ CRC OK: P:\Video\S\StarSession\Julia\Julia-019.4K.mp4 (4f4d6246)
OK: P:\Video\S\StarSession\Julia\Julia-020.4K .mp4
✅ CRC OK: P:\Video\S\StarSession\Julia\Julia-020.4K .mp4 (a6e524c1)
OK: P:\Video\S\StarSession\Julia\Julia-021.mp4
✅ CRC OK: P:\Video\S\StarSession\Julia\Julia-021.mp4 (1c33ce3b)
OK: P:\Video\S\StarSession\Julia\Julia-022.4K .mp4
✅ CRC OK: P:\Video\S\StarSession\Julia\Julia-022.4K .mp4 (21b45e60)
OK: P:\Video\S\StarSession\Julia\Julia-023.4K .mp4
✅ CRC OK: P:\Video\S\StarSession\Julia\Julia-023.4K .mp4 (17287cb3)
OK: P:\Video\S\StarSession\Julia\Julia-024.4K .mp4
✅ CRC OK: P:\Video\S\StarSession\Julia\Julia-024.4K .mp4 (e7ac452b)
OK: P:\Video\S\StarSession\Julia\Julia-025.4K .mp4
✅ CRC OK: P:\Video\S\StarSession\Julia\Julia-025.4K .mp4 (a0e250f9)
OK: P:\Video\S\StarSession\Julia\Julia-026p.4K.mp4
✅ CRC OK: P:\Video\S\StarSession\Julia\Julia-026p.4K.mp4 (15dfb062)
OK: P:\Video\S\StarSession\Julia\Julia-027.4K .mp4
✅ CRC OK: P:\Video\S\StarSession\Julia\Julia-027.4K .mp4 (97825265)
OK: P:\Video\S\StarSession\Julia\Julia-028.4K .mp4
✅ CRC OK: P:\Video\S\StarSession\Julia\Julia-028.4K .mp4 (eab4a096)
OK: P:\Video\S\StarSession\Julia\Julia-029p.4K.mp4
✅ CRC OK: P:\Video\S\StarSession\Julia\Julia-029p.4K.mp4 (bce0e5c9)
OK: P:\Video\S\StarSession\Julia\Julia-030p.4K.mp4
✅ CRC OK: P:\Video\S\StarSession\Julia\Julia-030p.4K.mp4 (cb084a53)
OK: P:\Video\S\StarSession\Julia\Julia-031.4K.mp4
✅ CRC OK: P:\Video\S\StarSession\Julia\Julia-031.4K.mp4 (615b49be)
OK: P:\Video\S\StarSession\Julia\Julia-032.4K.mp4
✅ CRC OK: P:\Video\S\StarSession\Julia\Julia-032.4K.mp4 (95e11ebd)
OK: P:\Video\S\StarSession\Julia\Julia-033.4K.mp4
✅ CRC OK: P:\Video\S\StarSession\Julia\Julia-033.4K.mp4 (c60218a5)
OK: P:\Video\S\StarSession\Julia\Julia-034.4K .mp4
✅ CRC OK: P:\Video\S\StarSession\Julia\Julia-034.4K .mp4 (dd4c100e)
OK: P:\Video\S\StarSession\Julia\Julia-035-random_H.265.mp4
✅ CRC OK: P:\Video\S\StarSession\Julia\Julia-035-random_H.265.mp4 (67102cca)
OK: P:\Video\S\StarSession\Julia\Julia-036-bratdva_H.265.mp4
✅ CRC OK: P:\Video\S\StarSession\Julia\Julia-036-bratdva_H.265.mp4 (5bb74c58)
OK: P:\Video\S\StarSession\Julia\Julia-037-random_H.265.mp4
✅ CRC OK: P:\Video\S\StarSession\Julia\Julia-037-random_H.265.mp4 (3fa36e79)
OK: P:\Video\S\StarSession\Julia\Julia-038-random_H.265.mp4
✅ CRC OK: P:\Video\S\StarSession\Julia\Julia-038-random_H.265.mp4 (1614005e)
OK: P:\Video\S\StarSession\Julia\Julia-039-random_H.265.mp4
✅ CRC OK: P:\Video\S\StarSession\Julia\Julia-039-random_H.265.mp4 (ead1beaa)
OK: P:\Video\S\StarSession\Julia\Julia-teensite-001-random_H.264.mp4
✅ CRC OK: P:\Video\S\StarSession\Julia\Julia-teensite-001-random_H.264.mp4 (f90607c6)
OK: P:\Video\S\StarSession\Julia\JuliaSS-017-rich787.4K_H.265.mp4
✅ CRC OK: P:\Video\S\StarSession\Julia\JuliaSS-017-rich787.4K_H.265.mp4 (0cb55a45)
OK: P:\Video\S\StarSession\Julia\Secret Stars
OK: P:\Video\S\StarSession\Julia\Secret Stars\JuliaSS-001.mp4
✅ CRC OK: P:\Video\S\StarSession\Julia\Secret Stars\JuliaSS-001.mp4 (0d7359d9)
OK: P:\Video\S\StarSession\Julia\Secret Stars\JuliaSS-002.mp4
✅ CRC OK: P:\Video\S\StarSession\Julia\Secret Stars\JuliaSS-002.mp4 (20ab394b)
OK: P:\Video\S\StarSession\Julia\Secret Stars\JuliaSS-003.mp4
✅ CRC OK: P:\Video\S\StarSession\Julia\Secret Stars\JuliaSS-003.mp4 (173b4451)
OK: P:\Video\S\StarSession\Julia\Secret Stars\JuliaSS-005.mp4
✅ CRC OK: P:\Video\S\StarSession\Julia\Secret Stars\JuliaSS-005.mp4 (07c89e9e)
OK: P:\Video\S\StarSession\Julia\Secret Stars\JuliaSS-006_H.264.mp4
✅ CRC OK: P:\Video\S\StarSession\Julia\Secret Stars\JuliaSS-006_H.264.mp4 (161badcc)
OK: P:\Video\S\StarSession\Julia\Secret Stars\JuliaSS-007.mp4
✅ CRC OK: P:\Video\S\StarSession\Julia\Secret Stars\JuliaSS-007.mp4 (393b3fb4)
OK: P:\Video\S\StarSession\Julia\Secret Stars\JuliaSS-008.mp4
✅ CRC OK: P:\Video\S\StarSession\Julia\Secret Stars\JuliaSS-008.mp4 (42796a26)
OK: P:\Video\S\StarSession\Julia\Secret Stars\JuliaSS-009.mp4
✅ CRC OK: P:\Video\S\StarSession\Julia\Secret Stars\JuliaSS-009.mp4 (90f9bcbd)
OK: P:\Video\S\StarSession\Julia\Secret Stars\JuliaSS-010_H.264.mp4
✅ CRC OK: P:\Video\S\StarSession\Julia\Secret Stars\JuliaSS-010_H.264.mp4 (9909c157)
OK: P:\Video\S\StarSession\Julia\Secret Stars\JuliaSS-011.mp4
✅ CRC OK: P:\Video\S\StarSession\Julia\Secret Stars\JuliaSS-011.mp4 (bd5edc11)
OK: P:\Video\S\StarSession\Julia\Secret Stars\JuliaSS-012.mp4
✅ CRC OK: P:\Video\S\StarSession\Julia\Secret Stars\JuliaSS-012.mp4 (bbc26ef3)
OK: P:\Video\S\StarSession\Julia\Secret Stars\JuliaSS-013.mp4
✅ CRC OK: P:\Video\S\StarSession\Julia\Secret Stars\JuliaSS-013.mp4 (4ea9a905)
OK: P:\Video\S\StarSession\Julia\Secret Stars\JuliaSS-014.mp4
✅ CRC OK: P:\Video\S\StarSession\Julia\Secret Stars\JuliaSS-014.mp4 (2077616b)
OK: P:\Video\S\StarSession\Julia\Secret Stars\JuliaSS-015.mp4
✅ CRC OK: P:\Video\S\StarSession\Julia\Secret Stars\JuliaSS-015.mp4 (960ac10e)
OK: P:\Video\S\StarSession\Julia\Secret Stars\JuliaSS-016 (Blue Mesh).mp4
✅ CRC OK: P:\Video\S\StarSession\Julia\Secret Stars\JuliaSS-016 (Blue Mesh).mp4 (ff791970)
OK: P:\Video\S\Steppe Flower
OK: P:\Video\S\Steppe Flower\Steppe Flower - clip001_H.265.mp4
✅ CRC OK: P:\Video\S\Steppe Flower\Steppe Flower - clip001_H.265.mp4 (d2352b03)
OK: P:\Video\S\Steppe Flower\Steppe Flower - clip002_H.265.mp4
✅ CRC OK: P:\Video\S\Steppe Flower\Steppe Flower - clip002_H.265.mp4 (9d65f2dd)
OK: P:\Video\S\Steppe Flower\Steppe Flower - clip004.avi
✅ CRC OK: P:\Video\S\Steppe Flower\Steppe Flower - clip004.avi (54a001be)
OK: P:\Video\S\Steppe Flower\Steppe Flower - clip005.avi
✅ CRC OK: P:\Video\S\Steppe Flower\Steppe Flower - clip005.avi (d193fd17)
OK: P:\Video\S\Steppe Flower\Steppe Flower - clip006.avi
✅ CRC OK: P:\Video\S\Steppe Flower\Steppe Flower - clip006.avi (8bd40bb2)
OK: P:\Video\S\Steppe Flower\Steppe Flower - clip007.avi
✅ CRC OK: P:\Video\S\Steppe Flower\Steppe Flower - clip007.avi (1750c6fa)
OK: P:\Video\S\Steppe Flower\Steppe Flower - clip009.avi
✅ CRC OK: P:\Video\S\Steppe Flower\Steppe Flower - clip009.avi (9a58dfd1)
OK: P:\Video\S\Steppe Flower\Steppe Flower - clip010.avi
✅ CRC OK: P:\Video\S\Steppe Flower\Steppe Flower - clip010.avi (f407cefa)
OK: P:\Video\S\Steppe Flower\Steppe Flower - clip011.avi
✅ CRC OK: P:\Video\S\Steppe Flower\Steppe Flower - clip011.avi (3ec9a176)
OK: P:\Video\S\Steppe Flower\Steppe Flower - clip012.avi
✅ CRC OK: P:\Video\S\Steppe Flower\Steppe Flower - clip012.avi (2afb3dc8)
OK: P:\Video\S\Steppe Flower\Steppe Flower - clip013.avi
✅ CRC OK: P:\Video\S\Steppe Flower\Steppe Flower - clip013.avi (bccf0cf6)
OK: P:\Video\S\Steppe Flower\Steppe Flower - clip015_H.265.mp4
✅ CRC OK: P:\Video\S\Steppe Flower\Steppe Flower - clip015_H.265.mp4 (c653d579)
OK: P:\Video\S\Steppe Flower\Steppe Flower - clip016.mp4
✅ CRC OK: P:\Video\S\Steppe Flower\Steppe Flower - clip016.mp4 (cf2a6929)
OK: P:\Video\S\Steppe Flower\Steppe Flower - clip017.mp4
✅ CRC OK: P:\Video\S\Steppe Flower\Steppe Flower - clip017.mp4 (512342ed)
OK: P:\Video\S\Steppe Flower\Steppe Flower - clip018.avi
✅ CRC OK: P:\Video\S\Steppe Flower\Steppe Flower - clip018.avi (1da1fe97)
OK: P:\Video\S\Steppe Flower\Steppe Flower - clip019_H.265.mp4
✅ CRC OK: P:\Video\S\Steppe Flower\Steppe Flower - clip019_H.265.mp4 (047159d1)
OK: P:\Video\S\Steppe Flower\Steppe Flower - clip020.avi
✅ CRC OK: P:\Video\S\Steppe Flower\Steppe Flower - clip020.avi (3755bdd7)
OK: P:\Video\S\Steppe Flower\Steppe Flower - clip021.avi
✅ CRC OK: P:\Video\S\Steppe Flower\Steppe Flower - clip021.avi (deded2ef)
OK: P:\Video\S\Steppe Flower\Steppe Flower - clip024.avi
✅ CRC OK: P:\Video\S\Steppe Flower\Steppe Flower - clip024.avi (fd7e82d7)
OK: P:\Video\S\Steppe Flower\Steppe Flower - clip090.mp4
✅ CRC OK: P:\Video\S\Steppe Flower\Steppe Flower - clip090.mp4 (8d747245)
OK: P:\Video\S\Steppe Flower\Steppe Flower - clip091.mp4
✅ CRC OK: P:\Video\S\Steppe Flower\Steppe Flower - clip091.mp4 (617cf02a)
OK: P:\Video\S\Steppe Flower\Steppe Flower - clip101.mp4
✅ CRC OK: P:\Video\S\Steppe Flower\Steppe Flower - clip101.mp4 (d15be8e9)
OK: P:\Video\S\Steppe Flower\Steppe Flower - clip103.mp4
✅ CRC OK: P:\Video\S\Steppe Flower\Steppe Flower - clip103.mp4 (3846ebf2)
OK: P:\Video\S\Steppe Flower\Steppe Flower - clip108_H.265.mp4
✅ CRC OK: P:\Video\S\Steppe Flower\Steppe Flower - clip108_H.265.mp4 (225aa278)
OK: P:\Video\S\Steppe Flower\Steppe Flower - clip113.mp4
✅ CRC OK: P:\Video\S\Steppe Flower\Steppe Flower - clip113.mp4 (e6b50565)
OK: P:\Video\S\Steppe Flower\Steppe Flower - clip116.mp4
✅ CRC OK: P:\Video\S\Steppe Flower\Steppe Flower - clip116.mp4 (754d6309)
OK: P:\Video\S\Steppe Flower\Steppe Flower - clip118.mp4
✅ CRC OK: P:\Video\S\Steppe Flower\Steppe Flower - clip118.mp4 (7aa7d962)
OK: P:\Video\S\Steppe Flower\Steppe Flower - clip119.mp4
✅ CRC OK: P:\Video\S\Steppe Flower\Steppe Flower - clip119.mp4 (65501923)
OK: P:\Video\S\Sveta Model
OK: P:\Video\S\Sveta Model\Unpacker.py
✅ CRC OK: P:\Video\S\Sveta Model\Unpacker.py (36316e69)
OK: P:\Video\S\Sveta Model\sv_video1.avi
✅ CRC OK: P:\Video\S\Sveta Model\sv_video1.avi (afc61b14)
OK: P:\Video\S\Sveta Model\sv_video2.mpg
✅ CRC OK: P:\Video\S\Sveta Model\sv_video2.mpg (21b57c0e)
OK: P:\Video\S\Sveta Model\sv_video3.avi
✅ CRC OK: P:\Video\S\Sveta Model\sv_video3.avi (f00c4a2d)
OK: P:\Video\S\Sveta Model\sv_video4.avi
✅ CRC OK: P:\Video\S\Sveta Model\sv_video4.avi (0fdd3b90)
OK: P:\Video\S\Sweet Agency

=== Integrity Check Summary ===
Files Checked: 129
Missing Files: 0
CRC Mismatches: 0
Renamed Files: 0
Completed: 2025-11-23T09:25:20.537Z
================================